  ▲ Next.js 14.2.35

   Creating an optimized production build ...
 ✓ Compiled successfully
   Linting and checking validity of types ...
   Collecting page data ...
Error: Attempted to call createTheme() from the server but createTheme is on the client. It's not possible to invoke a client function from the server, it can only be rendered as a Component or passed to props of a Client Component.
    at createTheme (D:\khus\linkedIn-demo\node_modules\next\dist\compiled\next-server\app-page.runtime.prod.js:12:126889)
    at 1506 (D:\khus\linkedIn-demo\.next\server\app\_not-found\page.js:1:2018)
    at t (D:\khus\linkedIn-demo\.next\server\webpack-runtime.js:1:127)
    at 1855 (D:\khus\linkedIn-demo\.next\server\app\_not-found\page.js:1:637)
    at t (D:\khus\linkedIn-demo\.next\server\webpack-runtime.js:1:127)
    at n (D:\khus\linkedIn-demo\.next\server\app\_not-found\page.js:1:3479)
    at D:\khus\linkedIn-demo\.next\server\app\_not-found\page.js:1:3510
    at t.X (D:\khus\linkedIn-demo\.next\server\webpack-runtime.js:1:1191)
    at D:\khus\linkedIn-demo\.next\server\app\_not-found\page.js:1:3492
    at Object.<anonymous> (D:\khus\linkedIn-demo\.next\server\app\_not-found\page.js:1:3537)

> Build error occurred
Error: Failed to collect page data for /_not-found
    at D:\khus\linkedIn-demo\node_modules\next\dist\build\utils.js:1269:15
    at process.processTicksAndRejections (node:internal/process/task_queues:95:5) {
  type: 'Error'
}
